// Jest Snapshot v1, https://goo.gl/fbAQLP

exports[`Spinner renders without crashing 1`] = `
.c0 {
  border: 0.2em solid rgba(0,0,0,0.1);
  border-top: 0.2em solid #00bcd4;
  border-radius: 50%;
  width: 2.2rem;
  height: 2.2rem;
  -webkit-animation: Hqxfx 0.6s linear infinite;
  animation: Hqxfx 0.6s linear infinite;
  position: fixed;
  top: 50%;
  bottom: 50%;
  left: 50%;
}

<div
  className="c0"
/>
`;
