// Jest Snapshot v1, https://goo.gl/fbAQLP

exports[`App renders without crashing 1`] = `
<PersistGate
  loading={null}
  persistor={
    Object {
      "dispatch": [Function],
      "flush": [Function],
      "getState": [Function],
      "pause": [Function],
      "persist": [Function],
      "purge": [Function],
      "replaceReducer": [Function],
      "subscribe": [Function],
      Symbol(observable): [Function],
    }
  }
>
  <Connect(Header)
    incomingAvatar={false}
    incomingIcon={false}
  />
  <Connect(Header)
    incomingAvatar={true}
    incomingIcon={true}
  />
  <Connect(MessageList)
    height={768}
    width={1024}
  />
</PersistGate>
`;
